[notariamasmas.com/index.html]
[backblue.gif]
[fade.gif]
[index.html]
[notariamasmas.com/wp-content/uploads/2019/10/Icon.png]
[notariamasmas.com/feed/index.html]
[notariamasmas.com/comments/feed/index.html]
[notariamasmas.com/wp-includes/js/jquery/jquery.js]
[notariamasmas.com/wp-includes/js/jquery/jquery-migrate.min.js]
[notariamasmas.com/wp-content/plugins/LayerSlider/static/layerslider/js/greensock.js]
[notariamasmas.com/wp-content/plugins/LayerSlider/static/layerslider/js/layerslider.kreaturamedia.jquery.js]
[notariamasmas.com/wp-content/plugins/LayerSlider/static/layerslider/js/layerslider.transitions.js]
[notariamasmas.com/wp-content/plugins/revslider/public/assets/js/revolution.tools.min.js]
[notariamasmas.com/wp-content/plugins/revslider/public/assets/js/rs6.min.js]
[notariamasmas.com/wp-content/plugins/elementor/assets/lib/font-awesome/js/v4-shims.min.js]
[notariamasmas.com/wp-json/index.html]
[notariamasmas.com/xmlrpc0db0.php]
[notariamasmas.com/wp-includes/wlwmanifest.xml]
[notariamasmas.com/wp-json/oembed/1.0/embed2e70.json]
[notariamasmas.com/wp-json/oembed/1.0/embedc8c9]
[notariamasmas.com/inc/TTCommons-Light.woff2]
[notariamasmas.com/inc/TTCommons-Light.woff]
[notariamasmas.com/inc/TTCommons-Regular.woff2]
[notariamasmas.com/inc/TTCommons-Regular.woff]
[notariamasmas.com/inc/TTCommons-Bold.woff2]
[notariamasmas.com/inc/TTCommons-Bold.woff]
[notariamasmas.com/inc/TTCommons-Black.woff2]
[notariamasmas.com/inc/TTCommons-Black.woff]
[notariamasmas.com/wp-content/uploads/2019/10/fwLogotipo_Curvas-07.png]
[notariamasmas.com/wp-content/uploads/2019/10/fwWhiteLogotipo_Curvas-07.png]
[no-cache.hubspot.com/cta/default/4355745/ef27bf24-c12f-42cb-b18f-5d5bd45e4aae.png]
[notariamasmas.com/wp-content/uploads/2019/10/MainDesign_FW6.png]
[js.hscta.net/cta/current.js]
[no-cache.hubspot.com/cta/default/4355745/9169cef2-8003-4f54-86c4-0d7a111f910b.png]
[notariamasmas.com/wp-content/uploads/2019/10/fwComputerMoneyLaundering-1.png]
[notariamasmas.com/app-redirect/index.html]
[notariamasmas.com/wp-content/uploads/2019/10/feDataCenter.png]
[notariamasmas.com/wp-content/uploads/2019/10/fwiconfwLogotipo_Curvas-07.png]
[js.hsforms.net/forms/v2.js]
[notariamasmas.com/wp-content/themes/thefox/js/scrollmagic.js]
[notariamasmas.com/wp-content/themes/thefox/js/customjs.js]
[notariamasmas.com/wp-content/themes/thefox/js/custom_woo_js.js]
[notariamasmas.com/wp-content/themes/thefox/js/smoothscroll.js]
[notariamasmas.com/wp-content/plugins/contact-form-7/includes/js/scripts.js]
[notariamasmas.com/wp-content/plugins/wp-whatsapp-chat/assets/js/qlwapp.min.js]
[js.hs-scripts.com/4355745a466.js]
[notariamasmas.com/wp-includes/js/wp-embed.min.js]
[notariamasmas.com/wp-content/plugins/elementor/assets/js/frontend-modules.min.js]
[notariamasmas.com/wp-content/plugins/elementor-pro/assets/lib/sticky/jquery.sticky.min.js]
[notariamasmas.com/wp-content/plugins/elementor-pro/assets/js/frontend.min.js]
[notariamasmas.com/wp-includes/js/jquery/ui/position.min.js]
[notariamasmas.com/wp-content/plugins/elementor/assets/lib/dialog/dialog.min.js]
[notariamasmas.com/wp-content/plugins/elementor/assets/lib/waypoints/waypoints.min.js]
[notariamasmas.com/wp-content/plugins/elementor/assets/lib/swiper/swiper.min.js]
[notariamasmas.com/wp-content/plugins/elementor/assets/js/frontend.min.js]
[notariamasmas.com/index.html]
[notariamasmas.com/wp-content/plugins/LayerSlider/static/layerslider/img/icon-muted-white.png]
[notariamasmas.com/wp-content/plugins/LayerSlider/static/layerslider/img/icon-unmuted-white.png]
[notariamasmas.com/wp-content/plugins/LayerSlider/static/layerslider/css/layerslider.css]
[notariamasmas.com/wp-includes/css/dist/block-library/style.min.css]
[notariamasmas.com/wp-content/plugins/contact-form-7/images/ajax-loader.gif]
[notariamasmas.com/wp-content/plugins/contact-form-7/includes/css/styles.css]
[notariamasmas.com/wp-content/plugins/revslider/public/assets/fonts/revicons/revicons90c6.eot]
[notariamasmas.com/wp-content/plugins/revslider/public/assets/fonts/revicons/revicons90c6.woff]
[notariamasmas.com/wp-content/plugins/revslider/public/assets/fonts/revicons/revicons90c6.ttf]
[notariamasmas.com/wp-content/plugins/revslider/public/assets/assets/gridtile.png]
[notariamasmas.com/wp-content/plugins/revslider/public/assets/assets/gridtile_white.png]
[notariamasmas.com/wp-content/plugins/revslider/public/assets/assets/gridtile_3x3.png]
[notariamasmas.com/wp-content/plugins/revslider/public/assets/assets/gridtile_3x3_white.png]
[notariamasmas.com/wp-content/plugins/revslider/public/assets/assets/coloredbg.png]
[notariamasmas.com/wp-content/plugins/revslider/public/assets/assets/loader.gif]
[notariamasmas.com/wp-content/plugins/revslider/public/assets/css/rs6.css]
[notariamasmas.com/wp-content/plugins/wp-whatsapp-chat/assets/css/qlwapp.min.css]
[notariamasmas.com/wp-content/themes/thefox/images/preloader.gif]
[notariamasmas.com/wp-content/themes/thefox/images/share_icons/facebook.5d.delayed]
[notariamasmas.com/wp-content/themes/thefox/images/share_icons/twitter.5e.delayed]
[notariamasmas.com/wp-content/themes/thefox/images/share_icons/linkedin.5f.delayed]
[notariamasmas.com/wp-content/themes/thefox/images/share_icons/reddit.60.delayed]
[notariamasmas.com/wp-content/themes/thefox/images/share_icons/tumblr.61.delayed]
[notariamasmas.com/wp-content/themes/thefox/images/share_icons/g+.62.delayed]
[notariamasmas.com/wp-content/themes/thefox/images/share_icons/mail.63.delayed]
[notariamasmas.com/wp-content/themes/thefox/style.css]
[notariamasmas.com/wp-content/themes/thefox/images/pt_1.png]
[notariamasmas.com/wp-content/themes/thefox/images/pt_2.png]
[notariamasmas.com/wp-content/themes/thefox/images/pt_3.png]
[notariamasmas.com/wp-content/themes/thefox/images/pt_4.png]
[notariamasmas.com/wp-content/themes/thefox/images/pt_5.png]
[notariamasmas.com/wp-content/themes/thefox/images/lt_border.png]
[notariamasmas.com/wp-content/themes/thefox/images/ib_sc.png]
[notariamasmas.com/wp-content/themes/thefox/owl.video.play.6b.delayed]
[notariamasmas.com/wp-content/themes/thefox/style_end.css]
[notariamasmas.com/wp-content/themes/thefox/media-queries_wide.css]
[notariamasmas.com/wp-content/themes/thefox/css/rgs.css]
[notariamasmas.com/wp-content/themes/thefox/css/animations.css]
[notariamasmas.com/wp-content/themes/thefox/includes/Flexslider/theme/loader.gif]
[notariamasmas.com/wp-content/themes/thefox/includes/Flexslider/theme/bg_control_nav.png]
[notariamasmas.com/wp-content/themes/thefox/includes/Flexslider/flexslider.css]
[notariamasmas.com/wp-content/themes/thefox/includes/font/fontawesome-webfont862f.eot]
[notariamasmas.com/wp-content/themes/thefox/includes/font/fontawesome-webfontd41d.eot]
[notariamasmas.com/wp-content/themes/thefox/includes/font/fontawesome-webfont862f.woff]
[notariamasmas.com/wp-content/themes/thefox/includes/font/fontawesome-webfont862f.ttf]
[notariamasmas.com/wp-content/themes/thefox/css/font-awesome.css]
[notariamasmas.com/wp-content/themes/thefox/includes/font/moon.eot]
[notariamasmas.com/wp-content/themes/thefox/includes/font/moond41d.eot]
[notariamasmas.com/wp-content/themes/thefox/includes/font/moon.woff]
[notariamasmas.com/wp-content/themes/thefox/includes/font/moon.ttf]
[notariamasmas.com/wp-content/themes/thefox/css/moon.css]
[notariamasmas.com/wp-content/themes/thefox/includes/font/ElegantIcons.eot]
[notariamasmas.com/wp-content/themes/thefox/includes/font/ElegantIconsd41d.eot]
[notariamasmas.com/wp-content/themes/thefox/includes/font/ElegantIcons.woff]
[notariamasmas.com/wp-content/themes/thefox/includes/font/ElegantIcons.ttf]
[notariamasmas.com/wp-content/themes/thefox/css/elegant.css]
[notariamasmas.com/wp-content/themes/thefox/includes/prettyPhoto/images/prettyPhoto/default/sprite_next.png]
[notariamasmas.com/wp-content/themes/thefox/includes/prettyPhoto/images/prettyPhoto/default/sprite_prev.png]
[notariamasmas.com/wp-content/themes/thefox/includes/prettyPhoto/images/prettyPhoto/default/sprite.png]
[notariamasmas.com/wp-content/themes/thefox/includes/prettyPhoto/images/prettyPhoto/default/default_thumb.png]
[notariamasmas.com/wp-content/themes/thefox/includes/prettyPhoto/images/prettyPhoto/light_rounded/sprite.png]
[notariamasmas.com/wp-content/themes/thefox/includes/prettyPhoto/images/prettyPhoto/light_rounded/btnNext.png]
[notariamasmas.com/wp-content/themes/thefox/includes/prettyPhoto/images/prettyPhoto/light_rounded/btnPrevious.png]
[notariamasmas.com/wp-content/themes/thefox/includes/prettyPhoto/images/prettyPhoto/dark_rounded/sprite.png]
[notariamasmas.com/wp-content/themes/thefox/includes/prettyPhoto/images/prettyPhoto/dark_rounded/contentPattern.png]
[notariamasmas.com/wp-content/themes/thefox/includes/prettyPhoto/images/prettyPhoto/dark_rounded/btnNext.png]
[notariamasmas.com/wp-content/themes/thefox/includes/prettyPhoto/images/prettyPhoto/dark_rounded/btnPrevious.png]
[notariamasmas.com/wp-content/themes/thefox/includes/prettyPhoto/images/prettyPhoto/dark_square/sprite.png]
[notariamasmas.com/wp-content/themes/thefox/includes/prettyPhoto/images/prettyPhoto/dark_square/btnNext.png]
[notariamasmas.com/wp-content/themes/thefox/includes/prettyPhoto/images/prettyPhoto/dark_square/btnPrevious.png]
[notariamasmas.com/wp-content/themes/thefox/includes/prettyPhoto/images/prettyPhoto/light_square/sprite.png]
[notariamasmas.com/wp-content/themes/thefox/includes/prettyPhoto/images/prettyPhoto/light_square/btnNext.png]
[notariamasmas.com/wp-content/themes/thefox/includes/prettyPhoto/images/prettyPhoto/light_square/btnPrevious.png]
[notariamasmas.com/wp-content/themes/thefox/includes/prettyPhoto/images/prettyPhoto/facebook/sprite.png]
[notariamasmas.com/wp-content/themes/thefox/includes/prettyPhoto/images/prettyPhoto/facebook/contentPatternTop.png]
[notariamasmas.com/wp-content/themes/thefox/includes/prettyPhoto/images/prettyPhoto/facebook/contentPatternLeft.png]
[notariamasmas.com/wp-content/themes/thefox/includes/prettyPhoto/images/prettyPhoto/facebook/contentPatternRight.png]
[notariamasmas.com/wp-content/themes/thefox/includes/prettyPhoto/images/prettyPhoto/facebook/loader.gif]
[notariamasmas.com/wp-content/themes/thefox/includes/prettyPhoto/images/prettyPhoto/facebook/btnNext.png]
[notariamasmas.com/wp-content/themes/thefox/includes/prettyPhoto/images/prettyPhoto/facebook/btnPrevious.png]
[notariamasmas.com/wp-content/themes/thefox/includes/prettyPhoto/images/prettyPhoto/facebook/contentPatternBottom.png]
[notariamasmas.com/wp-content/themes/thefox/includes/prettyPhoto/images/prettyPhoto/facebook/default_thumbnail.gif]
[notariamasmas.com/wp-content/themes/thefox/includes/prettyPhoto/css/prettyPhoto.css]
[notariamasmas.com/wp-content/themes/thefox/includes/zilla-likes/styles/zilla-likes.css]
[notariamasmas.com/wp-content/themes/thefox/images/toggle_open.97.delayed]
[notariamasmas.com/wp-content/themes/thefox/images/toggle_close.98.delayed]
[notariamasmas.com/wp-content/themes/thefox/images/icons/address-book.99.delayed]
[notariamasmas.com/wp-content/themes/thefox/images/icons/alarm-clock.9a.delayed]
[notariamasmas.com/wp-content/themes/thefox/images/icons/anchor.9b.delayed]
[notariamasmas.com/wp-content/themes/thefox/images/icons/application-image.9c.delayed]
[notariamasmas.com/wp-content/themes/thefox/images/icons/arrow.9d.delayed]
[notariamasmas.com/wp-content/themes/thefox/images/icons/asterisk.9e.delayed]
[notariamasmas.com/wp-content/themes/thefox/images/icons/auction-hammer.9f.delayed]
[notariamasmas.com/wp-content/themes/thefox/images/icons/balloon.a0.delayed]
[notariamasmas.com/wp-content/themes/thefox/images/icons/balloon-buzz.a1.delayed]
[notariamasmas.com/wp-content/themes/thefox/images/icons/balloon-facebook.a2.delayed]
[notariamasmas.com/wp-content/themes/thefox/images/icons/balloon-twitter.a3.delayed]
[notariamasmas.com/wp-content/themes/thefox/images/icons/battery-full.a4.delayed]
[notariamasmas.com/wp-content/themes/thefox/images/icons/binocular.a5.delayed]
[notariamasmas.com/wp-content/themes/thefox/images/icons/blue-document-excel.a6.delayed]
[notariamasmas.com/wp-content/themes/thefox/images/icons/blue-document-image.a7.delayed]
[notariamasmas.com/wp-content/themes/thefox/images/icons/blue-document-music.a8.delayed]
[notariamasmas.com/wp-content/themes/thefox/images/icons/blue-document-office.a9.delayed]
[notariamasmas.com/wp-content/themes/thefox/images/icons/blue-document-pdf.aa.delayed]
[notariamasmas.com/wp-content/themes/thefox/images/icons/blue-document-powerpoint.ab.delayed]
[notariamasmas.com/wp-content/themes/thefox/images/icons/blue-document-word.ac.delayed]
[notariamasmas.com/wp-content/themes/thefox/images/icons/bookmark.ad.delayed]
[notariamasmas.com/wp-content/themes/thefox/images/icons/camcorder.ae.delayed]
[notariamasmas.com/wp-content/themes/thefox/images/icons/camera.af.delayed]
[notariamasmas.com/wp-content/themes/thefox/images/icons/chart.b0.delayed]
[notariamasmas.com/wp-content/themes/thefox/images/icons/chart-pie.b1.delayed]
[notariamasmas.com/wp-content/themes/thefox/images/icons/clock.b2.delayed]
[notariamasmas.com/wp-content/themes/thefox/images/icons/control.b3.delayed]
[notariamasmas.com/wp-content/themes/thefox/images/icons/fire.b4.delayed]
[notariamasmas.com/wp-content/themes/thefox/images/icons/heart.b5.delayed]
[notariamasmas.com/wp-content/themes/thefox/images/icons/mail.b6.delayed]
[notariamasmas.com/wp-content/themes/thefox/images/icons/plus-shield.b7.delayed]
[notariamasmas.com/wp-content/themes/thefox/images/icons/video.b8.delayed]
[notariamasmas.com/wp-content/themes/thefox/images/twitter_bird.b9.delayed]
[notariamasmas.com/wp-content/themes/thefox/vc/alert.ba.delayed]
[notariamasmas.com/wp-content/themes/thefox/vc/info.bb.delayed]
[notariamasmas.com/wp-content/themes/thefox/vc/tick.bc.delayed]
[notariamasmas.com/wp-content/themes/thefox/vc/exclamation.bd.delayed]
[notariamasmas.com/wp-content/themes/thefox/images/flickr.be.delayed]
[notariamasmas.com/wp-content/themes/thefox/vc/blur.bf.delayed]
[notariamasmas.com/wp-content/themes/thefox/fonts/vc_grid/vc_grid_v1.c057a1.delayed]
[notariamasmas.com/wp-content/themes/thefox/fonts/vc_grid/vc_grid_v1.c1d41d.delayed]
[notariamasmas.com/wp-content/themes/thefox/fonts/vc_grid/vc_grid_v1.c257a1.delayed]
[notariamasmas.com/wp-content/themes/thefox/fonts/vc_grid/vc_grid_v1.c357a1.delayed]
[notariamasmas.com/wp-content/themes/thefox/fonts/vc_grid/vc_grid_v1.c457a1.delayed]
[notariamasmas.com/wp-content/themes/thefox/css/thefox_js_composer.css]
[notariamasmas.com/wp-content/plugins/elementor/assets/lib/eicons/fonts/eicons4310.eot]
[notariamasmas.com/wp-content/plugins/elementor/assets/lib/eicons/fonts/eicons4310.woff2]
[notariamasmas.com/wp-content/plugins/elementor/assets/lib/eicons/fonts/eicons4310.woff]
[notariamasmas.com/wp-content/plugins/elementor/assets/lib/eicons/fonts/eicons4310.ttf]
[notariamasmas.com/wp-content/plugins/elementor/assets/lib/eicons/css/elementor-icons.min.css]
[notariamasmas.com/wp-content/plugins/elementor/assets/lib/animations/animations.min.css]
[notariamasmas.com/wp-content/plugins/elementor/assets/css/frontend.min.css]
[notariamasmas.com/wp-content/plugins/elementor-pro/assets/css/frontend.min.css]
[notariamasmas.com/wp-content/plugins/elementor/assets/lib/font-awesome/webfonts/fa-brands-400.eot]
[notariamasmas.com/wp-content/plugins/elementor/assets/lib/font-awesome/webfonts/fa-brands-400d41d.eot]
[notariamasmas.com/wp-content/plugins/elementor/assets/lib/font-awesome/webfonts/fa-brands-400.woff2]
[notariamasmas.com/wp-content/plugins/elementor/assets/lib/font-awesome/webfonts/fa-brands-400.woff]
[notariamasmas.com/wp-content/plugins/elementor/assets/lib/font-awesome/webfonts/fa-brands-400.ttf]
[notariamasmas.com/wp-content/plugins/elementor/assets/lib/font-awesome/webfonts/fa-regular-400.eot]
[notariamasmas.com/wp-content/plugins/elementor/assets/lib/font-awesome/webfonts/fa-regular-400d41d.eot]
[notariamasmas.com/wp-content/plugins/elementor/assets/lib/font-awesome/webfonts/fa-regular-400.woff2]
[notariamasmas.com/wp-content/plugins/elementor/assets/lib/font-awesome/webfonts/fa-regular-400.woff]
[notariamasmas.com/wp-content/plugins/elementor/assets/lib/font-awesome/webfonts/fa-regular-400.ttf]
[notariamasmas.com/wp-content/plugins/elementor/assets/lib/font-awesome/webfonts/fa-solid-900.eot]
[notariamasmas.com/wp-content/plugins/elementor/assets/lib/font-awesome/webfonts/fa-solid-900d41d.eot]
[notariamasmas.com/wp-content/plugins/elementor/assets/lib/font-awesome/webfonts/fa-solid-900.woff2]
[notariamasmas.com/wp-content/plugins/elementor/assets/lib/font-awesome/webfonts/fa-solid-900.woff]
[notariamasmas.com/wp-content/plugins/elementor/assets/lib/font-awesome/webfonts/fa-solid-900.ttf]
[notariamasmas.com/wp-content/plugins/elementor/assets/lib/font-awesome/css/all.min.css]
[notariamasmas.com/wp-content/plugins/elementor/assets/lib/font-awesome/css/v4-shims.min.css]
[notariamasmas.com/wp-content/uploads/elementor/css/global.css]
[notariamasmas.com/wp-content/uploads/2019/10/pattern9.png]
[notariamasmas.com/wp-content/uploads/elementor/css/post-29.css]
[notariamasmas.com/wp-content/plugins/elementor/assets/lib/font-awesome/css/fontawesome.min.css]
[notariamasmas.com/wp-content/plugins/elementor/assets/lib/font-awesome/css/solid.min.css]
[notariamasmas.com/wp-content/plugins/elementor/assets/lib/font-awesome/css/regular.min.css]
[notariamasmas.com/wp-json/oembed/1.0/embeda927.json]
[notariamasmas.com/wp-json/oembed/1.0/embedddb0]
[notariamasmas.com/app-redirect/index.html]
[notariamasmas.com/wp-content/uploads/redux/custom-fonts/fonts.css]
[notariamasmas.com/wp-content/plugins/revslider/public/assets/fonts/revicons/revicons90c6.svg]
[notariamasmas.com/wp-content/plugins/revslider/public/assets/css/openhand.html]
[notariamasmas.com/wp-content/plugins/revslider/public/assets/css/closedhand.html]
[notariamasmas.com/wp-content/themes/thefox/images/share_icons/facebook.html]
[notariamasmas.com/wp-content/themes/thefox/images/share_icons/twitter.html]
[notariamasmas.com/wp-content/themes/thefox/images/share_icons/linkedin.html]
[notariamasmas.com/wp-content/themes/thefox/images/share_icons/reddit.html]
[notariamasmas.com/wp-content/themes/thefox/images/share_icons/tumblr.html]
[notariamasmas.com/wp-content/themes/thefox/images/share_icons/g+.html]
[notariamasmas.com/wp-content/themes/thefox/images/share_icons/mail.html]
[notariamasmas.com/wp-content/themes/thefox/owl.video.play.html]
[notariamasmas.com/wp-content/themes/thefox/includes/font/fontawesome-webfont862f.svg]
[notariamasmas.com/wp-content/themes/thefox/includes/font/moon.svg]
[notariamasmas.com/wp-content/themes/thefox/includes/font/ElegantIcons.svg]
[notariamasmas.com/wp-content/themes/thefox/images/toggle_open.html]
[notariamasmas.com/wp-content/themes/thefox/images/toggle_close.html]
[notariamasmas.com/wp-content/themes/thefox/images/icons/address-book.html]
[notariamasmas.com/wp-content/themes/thefox/images/icons/alarm-clock.html]
[notariamasmas.com/wp-content/themes/thefox/images/icons/anchor.html]
[notariamasmas.com/wp-content/themes/thefox/images/icons/application-image.html]
[notariamasmas.com/wp-content/themes/thefox/images/icons/arrow.html]
[notariamasmas.com/wp-content/themes/thefox/images/icons/asterisk.html]
[notariamasmas.com/wp-content/themes/thefox/images/icons/auction-hammer.html]
[notariamasmas.com/wp-content/themes/thefox/images/icons/balloon.html]
[notariamasmas.com/wp-content/themes/thefox/images/icons/balloon-buzz.html]
[notariamasmas.com/wp-content/themes/thefox/images/icons/balloon-facebook.html]
[notariamasmas.com/wp-content/themes/thefox/images/icons/balloon-twitter.html]
[notariamasmas.com/wp-content/themes/thefox/images/icons/battery-full.html]
[notariamasmas.com/wp-content/themes/thefox/images/icons/binocular.html]
[notariamasmas.com/wp-content/themes/thefox/images/icons/blue-document-excel.html]
[notariamasmas.com/wp-content/themes/thefox/images/icons/blue-document-image.html]
[notariamasmas.com/wp-content/themes/thefox/images/icons/blue-document-music.html]
[notariamasmas.com/wp-content/themes/thefox/images/icons/blue-document-office.html]
[notariamasmas.com/wp-content/themes/thefox/images/icons/blue-document-pdf.html]
[notariamasmas.com/wp-content/themes/thefox/images/icons/blue-document-powerpoint.html]
[notariamasmas.com/wp-content/themes/thefox/images/icons/blue-document-word.html]
[notariamasmas.com/wp-content/themes/thefox/images/icons/bookmark.html]
[notariamasmas.com/wp-content/themes/thefox/images/icons/camcorder.html]
[notariamasmas.com/wp-content/themes/thefox/images/icons/camera.html]
[notariamasmas.com/wp-content/themes/thefox/images/icons/chart.html]
[notariamasmas.com/wp-content/themes/thefox/images/icons/chart-pie.html]
[notariamasmas.com/wp-content/themes/thefox/images/icons/clock.html]
[notariamasmas.com/wp-content/themes/thefox/images/icons/control.html]
[notariamasmas.com/wp-content/themes/thefox/images/icons/fire.html]
[notariamasmas.com/wp-content/themes/thefox/images/icons/heart.html]
[notariamasmas.com/wp-content/themes/thefox/images/icons/mail.html]
[notariamasmas.com/wp-content/themes/thefox/images/icons/plus-shield.html]
[notariamasmas.com/wp-content/themes/thefox/images/icons/video.html]
[notariamasmas.com/wp-content/themes/thefox/images/twitter_bird.html]
[notariamasmas.com/wp-content/themes/thefox/vc/alert.html]
[notariamasmas.com/wp-content/themes/thefox/vc/info.html]
[notariamasmas.com/wp-content/themes/thefox/vc/tick.html]
[notariamasmas.com/wp-content/themes/thefox/vc/exclamation.html]
[notariamasmas.com/wp-content/themes/thefox/images/flickr.html]
[notariamasmas.com/wp-content/themes/thefox/vc/blur.html]
[notariamasmas.com/wp-content/themes/thefox/fonts/vc_grid/vc_grid_v157a1.html]
[notariamasmas.com/wp-content/themes/thefox/fonts/vc_grid/vc_grid_v1d41d.html]
[notariamasmas.com/wp-content/themes/thefox/fonts/vc_grid/vc_grid_v157a1-2.html]
[notariamasmas.com/wp-content/themes/thefox/fonts/vc_grid/vc_grid_v157a1-3.html]
[notariamasmas.com/wp-content/themes/thefox/fonts/vc_grid/vc_grid_v157a1-4.html]
[notariamasmas.com/wp-content/plugins/elementor/assets/lib/eicons/fonts/eicons4310.svg]
[notariamasmas.com/wp-content/plugins/elementor/assets/lib/font-awesome/webfonts/fa-brands-400.svg]
[notariamasmas.com/wp-content/plugins/elementor/assets/lib/font-awesome/webfonts/fa-regular-400.svg]
[notariamasmas.com/wp-content/plugins/elementor/assets/lib/font-awesome/webfonts/fa-solid-900.svg]
[notariamasmas.com/indexa853.html]
